// Jest Snapshot v1, https://goo.gl/fbAQLP

exports[`<Button /> renders correctly 1`] = `
<View
  accessibilityComponentType={undefined}
  accessibilityLabel={undefined}
  accessibilityTraits={undefined}
  accessible={true}
  collapsable={undefined}
  hasTVPreferredFocus={undefined}
  hitSlop={undefined}
  isTVSelectable={true}
  nativeID={undefined}
  onLayout={undefined}
  onResponderGrant={[Function]}
  onResponderMove={[Function]}
  onResponderRelease={[Function]}
  onResponderTerminate={[Function]}
  onResponderTerminationRequest={[Function]}
  onStartShouldSetResponder={[Function]}
  style={
    Object {
      "alignItems": "center",
      "backgroundColor": "#Eb7575",
      "borderRadius": 5,
      "elevation": 5,
      "height": 50,
      "justifyContent": "center",
      "opacity": 1,
      "width": "100%",
    }
  }
  testID={undefined}
  tvParallaxProperties={undefined}
>
  <Text
    accessible={true}
    allowFontScaling={true}
    ellipsizeMode="tail"
    style={
      Object {
        "color": "#FFF",
        "fontSize": 20,
        "fontWeight": "400",
      }
    }
  >
    TEST BUTTON
  </Text>
</View>
`;
